// Jest Snapshot v1, https://goo.gl/fbAQLP

exports[`Quotes renders a snapshot properly 1`] = `
<main
  className="container"
>
  <header>
    <nav>
      <a
        className="logo"
        href="/"
        onClick={[Function]}
      >
        <h1>
          Maths Magiciacian
        </h1>
      </a>
      <ul>
        <li>
          <a
            href="/"
            onClick={[Function]}
          >
            Home
          </a>
        </li>
        <li>
          <a
            href="/calculator"
            onClick={[Function]}
          >
            Calculator
          </a>
        </li>
        <li>
          <a
            href="/quotes"
            onClick={[Function]}
          >
            Quotes
          </a>
        </li>
      </ul>
    </nav>
  </header>
  <div
    className="page-layout"
  >
    <div
      className="quote"
    >
      <p>
        Mathematics is not about numbers, equation, computations and algorithm. its about understanding.-- Willaim paul thursdton
      </p>
    </div>
  </div>
</main>
`;
